
> lumoflow@0.0.1 test
> jest VisualizeFeature --no-cache

  console.log
    No active tab content

      at log (src/components/AnalysisPanel/VisualizeTab.tsx:1713:15)

  console.log
    ≡ƒöä File changed! Clearing previous visualization...

      at log (src/components/AnalysisPanel/VisualizeTab.tsx:1727:13)

  console.log
    Γä╣∩╕Å Visualization restricted to JS/TS files. Language not supported for animations.

      at log (src/components/AnalysisPanel/VisualizeTab.tsx:1735:15)

  console.log
    ≡ƒöä File changed! Clearing previous visualization...

      at log (src/components/AnalysisPanel/VisualizeTab.tsx:1727:13)

  console.log
    ≡ƒÄ¼ Building NEW trace for file: test.js

      at log (src/components/AnalysisPanel/VisualizeTab.tsx:1739:13)

  console.log
    ≡ƒô¥ Code preview: 
          // bubble sort
          let arr = [5, 1, 4];
          for (let i = 0; i < arr.length; i++) {

      at log (src/components/AnalysisPanel/VisualizeTab.tsx:1740:13)

  console.log
    ≡ƒöä File changed! Clearing previous visualization...

      at log (src/components/AnalysisPanel/VisualizeTab.tsx:1727:13)

  console.log
    ≡ƒÄ¼ Building NEW trace for file: test.js

      at log (src/components/AnalysisPanel/VisualizeTab.tsx:1739:13)

  console.log
    ≡ƒô¥ Code preview: let arr = [5, 1, 4]; // sort

      at log (src/components/AnalysisPanel/VisualizeTab.tsx:1740:13)

  console.log
    ≡ƒöä File changed! Clearing previous visualization...

      at log (src/components/AnalysisPanel/VisualizeTab.tsx:1727:13)

  console.log
    ≡ƒÄ¼ Building NEW trace for file: test.js

      at log (src/components/AnalysisPanel/VisualizeTab.tsx:1739:13)

  console.log
    ≡ƒô¥ Code preview: let queue = []; queue.push("A");

      at log (src/components/AnalysisPanel/VisualizeTab.tsx:1740:13)

  console.log
    ≡ƒöä File changed! Clearing previous visualization...

      at log (src/components/AnalysisPanel/VisualizeTab.tsx:1727:13)

  console.log
    ≡ƒÄ¼ Building NEW trace for file: test.js

      at log (src/components/AnalysisPanel/VisualizeTab.tsx:1739:13)

  console.log
    ≡ƒô¥ Code preview: code

      at log (src/components/AnalysisPanel/VisualizeTab.tsx:1740:13)

  console.log
    ≡ƒöä File changed! Clearing previous visualization...

      at log (src/components/AnalysisPanel/VisualizeTab.tsx:1727:13)

  console.log
    ≡ƒÄ¼ Building NEW trace for file: test.js

      at log (src/components/AnalysisPanel/VisualizeTab.tsx:1739:13)

  console.log
    ≡ƒô¥ Code preview: let x = 1;

      at log (src/components/AnalysisPanel/VisualizeTab.tsx:1740:13)

  console.log
    ≡ƒÄ¼ Attempting to save visualization...

      at log (src/components/AnalysisPanel/VisualizeTab.tsx:1864:13)

  console.log
    ≡ƒôª Saving data: {
      userId: 'test-user-id',
      title: 'test',
      visualType: 'UNIVERSAL',
      framesCount: 1
    }

      at log (src/components/AnalysisPanel/VisualizeTab.tsx:1878:15)

  console.log
    ≡ƒô¼ Save result: { success: true }

      at log (src/components/AnalysisPanel/VisualizeTab.tsx:1888:15)

  console.log
    Γ£à Visualization saved successfully!

      at log (src/components/AnalysisPanel/VisualizeTab.tsx:1891:17)

node.exe : FAIL src/__tests_
_/VisualizeFeature.test.tsx
At line:1 char:1
+ & "C:\Program 
Files\nodejs/node.exe" 
"C:\Users\X390 
Yoga\AppData\Roam ...
+ ~~~~~~~~~~~~~~~~~~~~~~~~~~
~~~~~~~~~~~~~~~~~~~~~~~~~~~~
~~~~~~~~~~~~~~~
    + CategoryInfo          
    : NotSpecified: (FAIL   
  src/__test...eature.tes   
 t.tsx:String) [], Remot    
eException
    + FullyQualifiedErrorId 
    : NativeCommandError
 
  VisualizeTab Component
    ΓêÜ renders 
loading/empty state when no 
code provided (243 ms)
    ΓêÜ renders unsupported 
message for non-JS files 
(56 ms)
    ├ù generates bubble 
sort frames when sorting 
code is detected (31 ms)
    ΓêÜ renders bubble 
elements when trace frames 
exist (50 ms)
    ΓêÜ renders queue boxes 
when queue code is active 
(56 ms)
    ΓêÜ clicking play 
button toggles playback (45 
ms)
    ΓêÜ save button 
triggers API call (60 ms)

  ΓùÅ VisualizeTab 
Component ΓÇ║ generates 
bubble sort frames when 
sorting code is detected

    expect(received).toBeGre
aterThan(expected)

    Expected: > 0
    Received:   0

    [0m [90m 141 |[39m
     [90m 142 |[39m       
  [90m// Basic validation 
of generated frames[39m
    
[31m[1m>[22m[39m[90m 
143 |[39m         expect(la
stCallArgs[33m.[39mlength)
[33m.[39mtoBeGreaterThan(
[35m0[39m)[33m;[39m
     [90m     |[39m       
                            
  [31m[1m^[22m[39m
     [90m 144 |[39m       
  expect(lastCallArgs[[35m0
[39m][33m.[39mdesc)[33m.
[39mtoMatch([35m/Let's 
start/i[39m)[33m;[39m
     [90m 145 |[39m     
})[33m;[39m
     [90m 146 |[39m[0m

      at 
Object.toBeGreaterThan (src/
__tests__/VisualizeFeature.t
est.tsx:143:37)

Test Suites: 1 failed, 1 
total
Tests:       1 failed, 6 
passed, 7 total
Snapshots:   0 total
Time:        5.136 s
Ran all test suites 
matching VisualizeFeature.
